// Jest Snapshot v1, https://goo.gl/fbAQLP

exports[`VideoPage component VideoPage snapshot 1`] = `
<div
  class="video-page-container"
  data-testid="video-page-container"
>
  <video
    autoplay=""
    controls=""
  >
    <source
      data-testid="video-source"
      src="https://test-data-interviews.s3.eu-west-1.amazonaws.com/bbb_multiaudio.mp4"
      type="video/mp4"
    />
    Your browser does not support the video tag.
  </video>
</div>
`;
